// Jest Snapshot v1, https://goo.gl/fbAQLP

exports[`Consonant/Bookmarks Check snapshots should renders correctly 1`] = `
<button
  className="bookmarks"
  data-testid="bookmarks"
  onClick={[MockFunction]}
  tabIndex="0"
  type="button"
>
  <span
    className="bookmarks--ico-wrapper"
  >
    <span
      className="bookmarks--ico"
      data-testid="bookmarks--ico"
      style={
        Object {
          "backgroundImage": "url(http://placehold.it/150x150/red)",
        }
      }
    />
    <span
      className="bookmarks--title"
    >
      i18n.leftFilterPanel.filterTitle
    </span>
  </span>
  <span
    className="bookmarks--item-badge"
    data-testid="bookmarks--item-badge"
  >
    0
  </span>
</button>
`;
