// Jest Snapshot v1, https://goo.gl/fbAQLP

exports[`Consonant/ChosenItem Check snapshots should renders correctly 1`] = `
<button
  className="consonant-chosen-filter"
  data-testid="selected-filter"
  onClick={[Function]}
  type="button"
>
  filter name
</button>
`;
