// Jest Snapshot v1, https://goo.gl/fbAQLP

exports[`Consonant/Card Check snapshots should renders correctly with different card style 1`] = `
<div
  className="consonant-aspect-ratio-3-2-card"
  data-testid="consonant-card"
  id="6d6438c8-1"
>
  <div
    className="consonant-aspect-ratio-3-2-card--img"
    data-testid="consonant-card--img"
    style={
      Object {
        "backgroundImage": "url(\\"https://caas-chimera.s3-us-west-1.amazonaws.com/sample.jpg\\")",
      }
    }
  >
    <span
      className="consonant-aspect-ratio-3-2-card--banner"
      data-testid="consonant-card--banner"
      style={
        Object {
          "backgroundColor": "#CB6F10",
          "color": "#FFFFFF",
        }
      }
    >
      <img
        alt=""
        className="consonant-aspect-ratio-3-2-card--banner-icon"
        data-testid="consonant-card--banner-icon"
        loading="lazy"
        src="some-banner-icon"
        width="8"
      />
      Some Banner Description
    </span>
    
    <a
      className="consonant-aspect-ratio-3-2-card--video-ico"
      href="some-video-url"
      rel="noreferrer"
      tabIndex="0"
      target="_blank"
    >
      Open video link
    </a>
  </div>
  <div
    className="consonant-aspect-ratio-3-2-card--inner"
  >
    <span
      className="consonant-aspect-ratio-3-2-card--label"
    >
      Some label
    </span>
    <h2
      className="consonant-aspect-ratio-3-2-card--title"
    >
      Some Title 1
    </h2>
    <p
      className="consonant-aspect-ratio-3-2-card--text"
    >
      Description with 200+ chars Description with 200+ chars Description with 200+ chars Description with 200+ chars Description with 200+ chars Description with 200+ chars Description with 200+ chars Description with 200+ chars Description with 200+ charsDescription with 200+ chars Description with 200+ chars Description with 200+ chars Description with 200+ chars Description with 200+ chars Description with 200+ chars Description with 200+ chars Description with 200+ chars Description with 200+ chars
    </p>
    <div
      className="consonant-card-footer"
    >
      <div
        className="consonant-card-footer--row"
      />
    </div>
  </div>
</div>
`;

exports[`Consonant/Card Check snapshots should renders correctly with different card style 2`] = `
<div
  className="consonant-aspect-ratio-3-2-card"
  data-testid="consonant-card"
  id="6d6438c8-1"
>
  <div
    className="consonant-aspect-ratio-3-2-card--img"
    data-testid="consonant-card--img"
    style={
      Object {
        "backgroundImage": "url(\\"https://caas-chimera.s3-us-west-1.amazonaws.com/sample.jpg\\")",
      }
    }
  >
    <span
      className="consonant-aspect-ratio-3-2-card--banner"
      data-testid="consonant-card--banner"
      style={
        Object {
          "backgroundColor": "#CB6F10",
          "color": "#FFFFFF",
        }
      }
    >
      <img
        alt=""
        className="consonant-aspect-ratio-3-2-card--banner-icon"
        data-testid="consonant-card--banner-icon"
        loading="lazy"
        src="some-banner-icon"
        width="8"
      />
      Some Banner Description
    </span>
    
    <a
      className="consonant-aspect-ratio-3-2-card--video-ico"
      href="some-video-url"
      rel="noreferrer"
      tabIndex="0"
      target="_blank"
    >
      Open video link
    </a>
  </div>
  <div
    className="consonant-aspect-ratio-3-2-card--inner"
  >
    <span
      className="consonant-aspect-ratio-3-2-card--label"
    >
      Some label
    </span>
    <h2
      className="consonant-aspect-ratio-3-2-card--title"
    >
      Some Title 1
    </h2>
    <p
      className="consonant-aspect-ratio-3-2-card--text"
    >
      Description with 200+ chars Description with 200+ chars Description with 200+ chars Description with 200+ chars Description with 200+ chars Description with 200+ chars Description with 200+ chars Description with 200+ chars Description with 200+ charsDescription with 200+ chars Description with 200+ chars Description with 200+ chars Description with 200+ chars Description with 200+ chars Description with 200+ chars Description with 200+ chars Description with 200+ chars Description with 200+ chars
    </p>
    <div
      className="consonant-card-footer"
    >
      <div
        className="consonant-card-footer--row"
      />
    </div>
  </div>
</div>
`;

exports[`Consonant/Card Check snapshots should renders correctly with different card style 3`] = `
<div
  className="consonant-aspect-ratio-3-2-card"
  data-testid="consonant-card"
  id="6d6438c8-1"
>
  <div
    className="consonant-aspect-ratio-3-2-card--img"
    data-testid="consonant-card--img"
    style={
      Object {
        "backgroundImage": "url(\\"https://caas-chimera.s3-us-west-1.amazonaws.com/sample.jpg\\")",
      }
    }
  >
    <span
      className="consonant-aspect-ratio-3-2-card--banner"
      data-testid="consonant-card--banner"
      style={
        Object {
          "backgroundColor": "#CB6F10",
          "color": "#FFFFFF",
        }
      }
    >
      <img
        alt=""
        className="consonant-aspect-ratio-3-2-card--banner-icon"
        data-testid="consonant-card--banner-icon"
        loading="lazy"
        src="some-banner-icon"
        width="8"
      />
      Some Banner Description
    </span>
    
    <a
      className="consonant-aspect-ratio-3-2-card--video-ico"
      href="some-video-url"
      rel="noreferrer"
      tabIndex="0"
      target="_blank"
    >
      Open video link
    </a>
  </div>
  <div
    className="consonant-aspect-ratio-3-2-card--inner"
  >
    <span
      className="consonant-aspect-ratio-3-2-card--label"
    >
      Some label
    </span>
    <h2
      className="consonant-aspect-ratio-3-2-card--title"
    >
      Some Title 1
    </h2>
    <p
      className="consonant-aspect-ratio-3-2-card--text"
    >
      Description with 200+ chars Description with 200+ chars Description with 200+ chars Description with 200+ chars Description with 200+ chars Description with 200+ chars Description with 200+ chars Description with 200+ chars Description with 200+ charsDescription with 200+ chars Description with 200+ chars Description with 200+ chars Description with 200+ chars Description with 200+ chars Description with 200+ chars Description with 200+ chars Description with 200+ chars Description with 200+ chars
    </p>
    <div
      className="consonant-card-footer"
    >
      <div
        className="consonant-card-footer--row"
      />
    </div>
  </div>
</div>
`;

exports[`Consonant/Card Check snapshots should renders correctly with different card style 4`] = `
<div
  className="consonant-aspect-ratio-3-2-card"
  data-testid="consonant-card"
  id="6d6438c8-1"
>
  <div
    className="consonant-aspect-ratio-3-2-card--img"
    data-testid="consonant-card--img"
    style={
      Object {
        "backgroundImage": "url(\\"https://caas-chimera.s3-us-west-1.amazonaws.com/sample.jpg\\")",
      }
    }
  >
    <span
      className="consonant-aspect-ratio-3-2-card--banner"
      data-testid="consonant-card--banner"
      style={
        Object {
          "backgroundColor": "#CB6F10",
          "color": "#FFFFFF",
        }
      }
    >
      <img
        alt=""
        className="consonant-aspect-ratio-3-2-card--banner-icon"
        data-testid="consonant-card--banner-icon"
        loading="lazy"
        src="some-banner-icon"
        width="8"
      />
      Some Banner Description
    </span>
    
    <a
      className="consonant-aspect-ratio-3-2-card--video-ico"
      href="some-video-url"
      rel="noreferrer"
      tabIndex="0"
      target="_blank"
    >
      Open video link
    </a>
  </div>
  <div
    className="consonant-aspect-ratio-3-2-card--inner"
  >
    <span
      className="consonant-aspect-ratio-3-2-card--label"
    >
      Some label
    </span>
    <h2
      className="consonant-aspect-ratio-3-2-card--title"
    >
      Some Title 1
    </h2>
    <p
      className="consonant-aspect-ratio-3-2-card--text"
    >
      Description with 200+ chars Description with 200+ chars Description with 200+ chars Description with 200+ chars Description with 200+ chars Description with 200+ chars Description with 200+ chars Description with 200+ chars Description with 200+ charsDescription with 200+ chars Description with 200+ chars Description with 200+ chars Description with 200+ chars Description with 200+ chars Description with 200+ chars Description with 200+ chars Description with 200+ chars Description with 200+ chars
    </p>
    <div
      className="consonant-card-footer"
    >
      <div
        className="consonant-card-footer--row"
      />
    </div>
  </div>
</div>
`;

exports[`Consonant/Card Check snapshots should renders with bookmarking 1`] = `
<div
  className="consonant-aspect-ratio-3-2-card"
  data-testid="consonant-card"
  id="6d6438c8-1"
>
  <div
    className="consonant-aspect-ratio-3-2-card--img"
    data-testid="consonant-card--img"
    style={
      Object {
        "backgroundImage": "url(\\"https://caas-chimera.s3-us-west-1.amazonaws.com/sample.jpg\\")",
      }
    }
  >
    <span
      className="consonant-aspect-ratio-3-2-card--banner"
      data-testid="consonant-card--banner"
      style={
        Object {
          "backgroundColor": "#CB6F10",
          "color": "#FFFFFF",
        }
      }
    >
      <img
        alt=""
        className="consonant-aspect-ratio-3-2-card--banner-icon"
        data-testid="consonant-card--banner-icon"
        loading="lazy"
        src="some-banner-icon"
        width="8"
      />
      Some Banner Description
    </span>
    
    <a
      className="consonant-aspect-ratio-3-2-card--video-ico"
      href="some-video-url"
      rel="noreferrer"
      tabIndex="0"
      target="_blank"
    >
      Open video link
    </a>
  </div>
  <div
    className="consonant-aspect-ratio-3-2-card--inner"
  >
    <span
      className="consonant-aspect-ratio-3-2-card--label"
    >
      Some label
    </span>
    <h2
      className="consonant-aspect-ratio-3-2-card--title"
    >
      Some Title 1
    </h2>
    <p
      className="consonant-aspect-ratio-3-2-card--text"
    >
      Description with 200+ chars Description with 200+ chars Description with 200+ chars Description with 200+ chars Description with 200+ chars Description with 200+ chars Description with 200+ chars Description with 200+ chars Description with 200+ charsDescription with 200+ chars Description with 200+ chars Description with 200+ chars Description with 200+ chars Description with 200+ chars Description with 200+ chars Description with 200+ chars Description with 200+ chars Description with 200+ chars
    </p>
    <div
      className="consonant-card-footer"
    >
      <div
        className="consonant-card-footer--row"
      />
    </div>
  </div>
</div>
`;

exports[`Consonant/Card Consonant/Tooltip Check snapshots should renders correctly 1`] = `
<span
  className="consonant-tooltip"
>
  Tooltip text
</span>
`;
