// Jest Snapshot v1, https://goo.gl/fbAQLP

exports[`Consonant/Bookmarks Check snapshots should renders correctly 1`] = `
<button
  className="bookmarks"
  onClick={[MockFunction]}
  type="button"
>
  <span
    className="bookmarks--ico-wrapper"
  >
    <span
      className="bookmarks--ico"
      style={
        Object {
          "backgroundImage": "url(path-to-unselectBookmarksIcon)",
        }
      }
    />
    <span
      className="bookmarks--title"
    >
      My favorites
    </span>
  </span>
  <span
    className="bookmarks--item-badge"
  >
    0
  </span>
</button>
`;
