// Jest Snapshot v1, https://goo.gl/fbAQLP

exports[`Consonant/Tooltip Check snapshots should renders correctly 1`] = `
<span
  className="consonant-tooltip"
>
  Tooltip text
</span>
`;
