// Jest Snapshot v1, https://goo.gl/fbAQLP

exports[`Consonant/Header Check snapshots should renders correctly 1`] = `
<header
  className="consonant-header"
  data-testid="consonant-header"
/>
`;
