// Jest Snapshot v1, https://goo.gl/fbAQLP

exports[`Consonant/SelectedFilter Check snapshots should renders correctly 1`] = `
<button
  className="consonant-filters--selected-filter"
  data-testid="selected-filter"
  onClick={[Function]}
  type="button"
>
  filter name
</button>
`;
