// Jest Snapshot v1, https://goo.gl/fbAQLP

exports[`Consonant/SearchIco Check snapshots should renders correctly 1`] = `
<button
  className="search-ico"
  onClick={[MockFunction]}
  tabIndex="0"
  type="button"
>
  <span />
  Click to search
</button>
`;
